▲ Next.js 16.3.5 (Turbopack)
✓ Running next.config.ts took 27ms
⚠ No build cache found. Please configure build caching for faster rebuilds. Read more: https://nextjs.org/docs/messages/no-cache
Attention: Next.js now collects completely anonymous telemetry regarding usage.
This information is used to shape Next.js' roadmap and prioritize features.
You can learn more, including how to opt-out if you'd not like to participate in this anonymous program, by visiting the following URL:
https://nextjs.org/telemetry


  Creating an optimized production build ...
✓ Compiled successfully in 4.6s
  Running TypeScript ...

  We detected TypeScript in your project and reconfigured your tsconfig.json file for you.
  The following suggested values were added to your tsconfig.json. These values can be changed to fit your project's needs:

  	- include was updated to add '.next/dev/types/**/*.ts'

  The following mandatory changes were made to your tsconfig.json:

  	- jsx was set to react-jsx (next.js uses the React automatic runtime)

  Finished TypeScript in 2.5s ...
  Collecting page data using 3 workers ...
  Generating static pages using 3 workers (0/30) ...
  Generating static pages using 3 workers (7/30) 
  Generating static pages using 3 workers (14/30) 
  Generating static pages using 3 workers (22/30) 
✓ Generating static pages using 3 workers (30/30) in 551ms
  Finalizing page optimization ...

Route (app)
┌ ○ /
├ ○ /_not-found
├ ƒ /api/leads
├ ○ /contact
├ ○ /diensten
├ ○ /downloads
├ ƒ /offerte
├ ○ /oplossingen
├ ○ /over-iselto
├ ○ /producten
├   /producten/[slug]
│ ├ ● /producten/taskalfa-mz7001i
│ ├ ● /producten/ecosys-ma3500cix
│ ├ ● /producten/taskalfa-308ci
│ └ ● [+12 more paths]
├ ○ /robots.txt
├ ○ /sitemap.xml
├ ○ /vergelijker
└ ƒ /zoeken


○  (Static)   prerendered as static content
●  (SSG)      prerendered as static HTML (uses generateStaticParams)
ƒ  (Dynamic)  server-rendered on demand

BUILD_EXIT_CODE=0
